Microchip MPLAB XC8 Compiler V1.45 ()

Linker command line:

-W-3 --edf=C:\Program Files (x86)\Microchip\xc8\v1.45\dat\en_msgs.txt -cs \
  -h+dist/default/production\kumanda.X.production.sym \
  --cmf=dist/default/production\kumanda.X.production.cmf -z -Q12F629 \
  -oC:\Users\Monster\AppData\Local\Temp\s2d0.2 \
  -Mdist/default/production/kumanda.X.production.map -E1 -ver=XC8 \
  -ASTACK=049h-05dh -pstack=STACK -ACODE=00h-03FEh -ASTRCODE=00h-03FEh \
  -ASTRING=00h-0FFhx3,0300h-03FEh -ACONST=00h-0FFhx3,0300h-03FEh \
  -AENTRY=00h-0FFhx3,0300h-03FEh -ABANK0=020h-05Dh -ARAM=020h-05Dh \
  -AABS1=020h-05Fh -ACOMMON=05Eh-05Fh -ASFR0=00h-01Fh -ASFR1=080h-0DDh \
  -preset_vec=00h,intentry=04h,init,end_init -ppowerup=CODE -pcinit=CODE \
  -pfunctab=ENTRY -ACONFIG=02007h-02007h -pconfig=CONFIG -DCONFIG=2 \
  -AIDLOC=02000h-02003h -pidloc=IDLOC -DIDLOC=2 -AEEDATA=00h-07Fh/02100h \
  -peeprom_data=EEDATA -DEEDATA=2 -posccal=03FFh -DCODE=2 -DSTRCODE=2 \
  -DSTRING=2 -DCONST=2 -DENTRY=2 -k \
  C:\Users\Monster\AppData\Local\Temp\s2d0.obj \
  dist/default/production\kumanda.X.production.obj 

Object code version is 3.11

Machine type is 12F629



                Name                               Link     Load   Length Selector   Space Scale
C:\Users\Monster\AppData\Local\Temp\s2d0.obj
                end_init                              F        F        1        8       0
                reset_vec                             0        0        1        0       0
                config                             2007     2007        1     400E       0
dist/default/production\kumanda.X.production.obj
                cinit                                10       10        7        8       0
                intentry                              4        4        B        8       0
                text4                                B0       B0       1D        8       0
                text3                                CD       CD        C        8       0
                text2                                D9       D9        B        8       0
                text1                                7B       7B       35        8       0
                maintext                             17       17       64        8       0
                cstackBANK0                          20       20       13       20       1
                clrtext                              E4       E4        8        8       0
                bssBANK0                             33       33       12       20       1
                nvBANK0                              45       45        4       20       1

TOTAL           Name                               Link     Load   Length     Space
        CLASS   STACK          

        CLASS   CODE           
                end_init                              F        F        1         0
                cinit                                10       10        7         0
                intentry                              4        4        B         0
                reset_vec                             0        0        1         0
                text4                                B0       B0       1D         0
                text3                                CD       CD        C         0
                text2                                D9       D9        B         0
                text1                                7B       7B       35         0
                maintext                             17       17       64         0
                clrtext                              E4       E4        8         0

        CLASS   STRCODE        

        CLASS   STRING         

        CLASS   CONST          

        CLASS   ENTRY          

        CLASS   BANK0          
                cstackBANK0                          20       20       13         1
                bssBANK0                             33       33       12         1
                nvBANK0                              45       45        4         1

        CLASS   RAM            

        CLASS   ABS1           
                abs_s1                               5E       5E        2         1

        CLASS   COMMON         

        CLASS   SFR0           

        CLASS   SFR1           

        CLASS   CONFIG         
                config                             2007     2007        1         0

        CLASS   IDLOC          

        CLASS   EEDATA         

        CLASS   BANK1          



SEGMENTS        Name                           Load    Length   Top    Selector   Space  Class     Delta

                reset_vec                      000000  000001  000001         0       0  CODE        2
                intentry                       000004  0000E8  0000EC         8       0  CODE        2
                cstackBANK0                    000020  000029  000049        20       1  BANK0       1
                config                         002007  000001  002008      400E       0  CONFIG      2


UNUSED ADDRESS RANGES

        Name                Unused          Largest block    Delta
        BANK0            0049-005D             15           1
        CODE             0001-0003              3           2
                         00EC-03FE            313
        CONST            0001-0003              3           2
                         00EC-03FE            100
        EEDATA           2100-217F             80           2
        ENTRY            0001-0003              3           2
                         00EC-03FE            100
        IDLOC            2000-2003              4           2
        RAM              0049-005D             15           1
        SFR0             0000-001F             20           1
        SFR1             0080-00DD             5E           1
        STACK            0049-005D             15           1
        STRCODE          0001-0003              3           2
                         00EC-03FE            313
        STRING           0001-0003              3           2
                         00EC-03FE            100

                                  Symbol Table

_CMCON                   (abs)        0019
_GPIObits                (abs)        0005
_INTCONbits              (abs)        000B
_IO_init                 text3        00CD
_OPTION_REGbits          (abs)        0081
_TRISIObits              (abs)        0085
_Timer_init              text2        00D9
__CFG_BOREN$OFF          (abs)        0000
__CFG_CP$OFF             (abs)        0000
__CFG_CPD$OFF            (abs)        0000
__CFG_FOSC$INTRCCLK      (abs)        0000
__CFG_MCLRE$OFF          (abs)        0000
__CFG_PWRTE$OFF          (abs)        0000
__CFG_WDTE$OFF           (abs)        0000
__Habs1                  abs1         07FE
__Hbank0                 bank0        07FE
__Hbank1                 bank1        07FE
__HbssBANK0              bssBANK0     07FE
__Hcinit                 cinit        0017
__Hclrtext               clrtext      07FE
__Hcode                  code         07FE
__Hcommon                common       07FE
__Hconfig                config       2008
__HcstackBANK0           cstackBANK0  07FE
__HcstackCOMMON          cstackCOMMON 07FE
__Heeprom_data           eeprom_data  0000
__Hend_init              end_init     0010
__Hfunctab               functab      0000
__Hidloc                 idloc        0000
__Hinit                  init         000F
__Hintentry              intentry     000F
__Hmaintext              maintext     07FE
__HnvBANK0               nvBANK0      07FE
__Hosccal                osccal       03FF
__Hpowerup               powerup      0000
__Hram                   ram          07FE
__Hreset_vec             reset_vec    0001
__Hsfr0                  sfr0         07FE
__Hsfr1                  sfr1         07FE
__Hspace_0               (abs)        2008
__Hspace_1               (abs)        07FE
__Hspace_2               (abs)        0000
__Hspace_3               (abs)        0000
__Hstack                 stack        0000
__Hstrings               strings      07FE
__Htext                  text         07FE
__Labs1                  abs1         07FE
__Lbank0                 bank0        07FE
__Lbank1                 bank1        07FE
__LbssBANK0              bssBANK0     07FE
__Lcinit                 cinit        0010
__Lclrtext               clrtext      07FE
__Lcode                  code         07FE
__Lcommon                common       07FE
__Lconfig                config       2007
__LcstackBANK0           cstackBANK0  07FE
__LcstackCOMMON          cstackCOMMON 07FE
__Leeprom_data           eeprom_data  0000
__Lend_init              end_init     000F
__Lfunctab               functab      0000
__Lidloc                 idloc        0000
__Linit                  init         000F
__Lintentry              intentry     0004
__Lmaintext              maintext     07FE
__LnvBANK0               nvBANK0      07FE
__Losccal                osccal       03FF
__Lpowerup               powerup      0000
__Lram                   ram          07FE
__Lreset_vec             reset_vec    0000
__Lsfr0                  sfr0         07FE
__Lsfr1                  sfr1         07FE
__Lspace_0               (abs)        0000
__Lspace_1               (abs)        0000
__Lspace_2               (abs)        0000
__Lspace_3               (abs)        0000
__Lstack                 stack        0000
__Lstrings               strings      07FE
__Ltext                  text         07FE
__S0                     (abs)        2008
__S1                     (abs)        0049
__S2                     (abs)        0000
__S3                     (abs)        0000
___int_sp                stack        0000
___latbits               (abs)        0000
___osccal_val            osccal       03FF
___sp                    stack        0000
__end_of_IO_init         text3        00D9
__end_of_Timer_init      text2        00E4
__end_of__initialization cinit        0015
__end_of_kes             text4        00CD
__end_of_led_click       text1        00B0
__end_of_main            maintext     007B
__initialization         cinit        0010
__pbssBANK0              bssBANK0     0033
__pcstackBANK0           cstackBANK0  0020
__pcstackCOMMON          cstackCOMMON 0000
__pintentry              intentry     0004
__pmaintext              maintext     0017
__pnvBANK0               nvBANK0      0045
__ptext1                 text1        007B
__ptext2                 text2        00D9
__ptext3                 text3        00CD
__ptext4                 text4        00B0
__size_of_IO_init        (abs)        0000
__size_of_Timer_init     (abs)        0000
__size_of_kes            (abs)        0000
__size_of_led_click      (abs)        0000
__size_of_main           (abs)        0000
_change_state            bssBANK0     003D
_kes                     text4        00B0
_led_click               text1        007B
_main                    maintext     0017
_timetick                bssBANK0     0041
_timetochange            nvBANK0      0045
btemp                    (abs)        005E
clear_ram0               clrtext      00E4
end_of_initialization    cinit        0015
interrupt_function       intentry     0004
intlevel0                functab      0000
intlevel1                functab      0000
intlevel2                functab      0000
intlevel3                functab      0000
intlevel4                functab      0000
intlevel5                functab      0000
led_click@i              cstackBANK0  0029
led_click@times          cstackBANK0  0024
reset_vec                reset_vec    0000
saved_w                  (abs)        005E
stackhi                  (abs)        0000
stacklo                  (abs)        0000
start                    init         000F
start_initialization     cinit        0010
wtemp0                   (abs)        005E


FUNCTION INFORMATION:

 *************** function _main *****************
 Defined at:
		line 19 in file "main.c"
 Parameters:    Size  Location     Type
		None
 Auto vars:     Size  Location     Type
		None
 Return value:  Size  Location     Type
                  1    wreg      void 
 Registers used:
		wreg, status,2, status,0, pclath, cstack
 Tracked objects:
		On entry : 
		On exit  : 
		Unchanged: 
 Data sizes:     COMMON   BANK0
      Params:         0       0
      Locals:         0       0
      Temps:          0       8
      Totals:         0       8
Total ram usage:        8 bytes
 Hardware stack levels required when called:    2
 This function calls:
		_IO_init
		_Timer_init
		_led_click
 This function is called by:
		Startup code after reset
 This function uses a non-reentrant model


 *************** function _led_click *****************
 Defined at:
		line 26 in file "IO.c"
 Parameters:    Size  Location     Type
  times           2    4[BANK0 ] int 
 Auto vars:     Size  Location     Type
  i               2    9[BANK0 ] int 
 Return value:  Size  Location     Type
                  1    wreg      void 
 Registers used:
		wreg, status,2
 Tracked objects:
		On entry : 
		On exit  : 
		Unchanged: 
 Data sizes:     COMMON   BANK0
      Params:         0       2
      Locals:         0       2
      Temps:          0       3
      Totals:         0       7
Total ram usage:        7 bytes
 Hardware stack levels used:    1
 Hardware stack levels required when called:    1
 This function calls:
		Nothing
 This function is called by:
		_main
 This function uses a non-reentrant model


 *************** function _Timer_init *****************
 Defined at:
		line 6 in file "timer.c"
 Parameters:    Size  Location     Type
		None
 Auto vars:     Size  Location     Type
		None
 Return value:  Size  Location     Type
                  1    wreg      void 
 Registers used:
		None
 Tracked objects:
		On entry : 
		On exit  : 
		Unchanged: 
 Data sizes:     COMMON   BANK0
      Params:         0       0
      Locals:         0       0
      Temps:          0       0
      Totals:         0       0
Total ram usage:        0 bytes
 Hardware stack levels used:    1
 Hardware stack levels required when called:    1
 This function calls:
		Nothing
 This function is called by:
		_main
 This function uses a non-reentrant model


 *************** function _IO_init *****************
 Defined at:
		line 10 in file "IO.c"
 Parameters:    Size  Location     Type
		None
 Auto vars:     Size  Location     Type
		None
 Return value:  Size  Location     Type
                  1    wreg      void 
 Registers used:
		wreg
 Tracked objects:
		On entry : 
		On exit  : 
		Unchanged: 
 Data sizes:     COMMON   BANK0
      Params:         0       0
      Locals:         0       0
      Temps:          0       0
      Totals:         0       0
Total ram usage:        0 bytes
 Hardware stack levels used:    1
 Hardware stack levels required when called:    1
 This function calls:
		Nothing
 This function is called by:
		_main
 This function uses a non-reentrant model


 *************** function _kes *****************
 Defined at:
		line 19 in file "timer.c"
 Parameters:    Size  Location     Type
		None
 Auto vars:     Size  Location     Type
		None
 Return value:  Size  Location     Type
                  1    wreg      void 
 Registers used:
		wreg
 Tracked objects:
		On entry : 
		On exit  : 
		Unchanged: 
 Data sizes:     COMMON   BANK0
      Params:         0       0
      Locals:         0       0
      Temps:          0       4
      Totals:         0       4
Total ram usage:        4 bytes
 Hardware stack levels used:    1
 This function calls:
		Nothing
 This function is called by:
		Interrupt level 1
 This function uses a non-reentrant model



MODULE INFORMATION

Module		Function		Class		Link	Load	Size
timer.c
		_Timer_init    		CODE           	00D9	0000	12
		_kes           		CODE           	00B0	0000	30

timer.c estimated size: 42

IO.c
		_led_click     		CODE           	007B	0000	54
		_IO_init       		CODE           	00CD	0000	13

IO.c estimated size: 67

shared
		__initialization		CODE           	0010	0000	6

shared estimated size: 6

main.c
		_main          		CODE           	0017	0000	101

main.c estimated size: 101

